error: expected string literal
 --> tests/build/04-unit.rs:9:25
  |
9 |     #[registrant(unit = bytes)]
  |                         ^^^^^
